Physical Memory Array
	Location: Other
	Use: System Memory
	Error Correction Type: Multi-bit ECC
	Maximum Capacity: 8 GB
	Number Of Devices: 1

Memory Device
	Total Width: Unknown
	Data Width: Unknown
	Size: 8 GB
	Form Factor: DIMM
	Set: None
	Locator: DIMM 0
	Bank Locator: Not Specified
	Type: RAM
	Type Detail: Other
	Speed: Unknown
	Manufacturer: QEMU
	Serial Number: Not Specified
	Asset Tag: Not Specified
	Part Number: Not Specified
	Rank: Unknown
	Configured Memory Speed: Unknown
	Minimum Voltage: Unknown
	Maximum Voltage: Unknown
	Configured Voltage: Unknown

